<html>
<body>
<pre>
<h1>µVision Build Log</h1>
<h2>Project:</h2>
D:\EmbeddedSoftwareLab\EmbeddedSoftware\Lab8\lab8.uvproj
Project File Date:  03/03/2019

<h2>Output:</h2>
Rebuild target 'Target 1'
assembling startup_stm32f30x.s...
compiling system_stm32f30x.c...
compiling cli.c...
compiling main.c...
compiling stm32f3_Button.c...
compiling stm32f3_Exec.c...
compiling stm32f3_Flash.c...
compiling stm32f3_GeneralTimer2.c...
compiling stm32f3_LEDS.c...
compiling stm32f3_Tools.c...
compiling stm32f3_UART.c...
compiling stm32f3_Watchdog.c...
compiling stm32f3_DMA.c...
linking...
Program Size: Code=6452 RO-data=424 RW-data=44 ZI-data=4548  
".\lab8.axf" - 0 Error(s), 0 Warning(s).
Load "D:\\EmbeddedSoftwareLab\\EmbeddedSoftware\\Lab8\\lab8.axf" 
Erase Done.
Programming Done.
Verify OK.
